services/store.ts(193,29): error TS2339: Property 'value' does not exist on type 'never'.
services/store.ts(348,29): error TS2339: Property 'value' does not exist on type 'never'.
services/store.ts(377,33): error TS2339: Property 'value' does not exist on type 'never'.
